
> slouma-client@1.0.0 build
> vite build

[36mvite v8.0.0 [32mbuilding client environment for production...[36m[39m
[2K
transforming...Ô£ô 2490 modules transformed.
rendering chunks...
node.exe : [31mÔ£ù[39m Build failed in 3.07s
Au caractère C:\Program Files\nodejs\npm.ps1:29 : 3
+   & $NODE_EXE $NPM_CLI_JS $args
+   ~~~~~~~~~~~~~~~~~~~~~~~~~~~~~
    + CategoryInfo          : NotSpecified: ([31mÔ£ù[39m Build failed in 3.07s:String) [], RemoteException
    + FullyQualifiedErrorId : NativeCommandError
 
[31merror during build:
[31mBuild failed with 5 errors:

[31m[MISSING_EXPORT] Error:[0m "Monitor2" is not exported by "node_modules/lucide-react/dist/esm/lucide-react.js".
 - Missing export in src/shared/SettingsModal.jsx at 377..385

[31m[MISSING_EXPORT] Error:[0m "Cards" is not exported by "node_modules/lucide-react/dist/esm/lucide-react.js".
   [38;5;246mÔò¡[0m[38;5;246mÔöÇ[0m[38;5;246m[[0m src/shared/SettingsModal.jsx:2:689 [38;5;246m][0m
   [38;5;246mÔöé[0m
 [38;5;246m2 Ôöé[0m 
[38;5;249mi[0m[38;5;249mm[0m[38;5;249mp[0m[38;5;249mo[0m[38;5;249mr[0m[38;5;249mt[0m[38;5;249m 
[0m[38;5;249m{[0m[38;5;249m [0m[38;5;249mX[0m[38;5;249m,[0m[38;5;249m 
[0m[38;5;249mU[0m[38;5;249ms[0m[38;5;249me[0m[38;5;249mr[0m[38;5;249m,[0m[38;5;249m [0m[38;5;249mS[0m[3
8;5;249mh[0m[38;5;249mi[0m[38;5;249me[0m[38;5;249ml[0m[38;5;249md[0m[38;5;249m,[0m[38;5;249m 
[0m[38;5;249mG[0m[38;5;249ml[0m[38;5;249mo[0m[38;5;249mb[0m[38;5;249me[0m[38;5;249m,[0m[38;5;249m 
[0m[38;5;249mC[0m[38;5;249mh[0m[38;5;249me[0m[38;5;249mc[0m[38;5;249mk[0m[38;5;249m,[0m[38;5;249m 
[0m[38;5;249mS[0m[38;5;249ma[0m[38;5;249mv[0m[38;5;249me[0m[38;5;249m,[0m[38;5;249m [0m[38;5;249mL[0m[3
8;5;249mo[0m[38;5;249ma[0m[38;5;249md[0m[38;5;249me[0m[38;5;249mr[0m[38;5;249m2[0m[38;5;249m,[0m[38;5;249
m [0m[38;5;249mK[0m[38;5;249me[0m[38;5;249my[0m[38;5;249m,[0m[38;5;249m 
[0m[38;5;249mE[0m[38;5;249my[0m[38;5;249me[0m[38;5;249m,[0m[38;5;249m [0m[38;5;249mE[0m[38;5;249my[0m[3
8;5;249me[0m[38;5;249mO[0m[38;5;249mf[0m[38;5;249mf[0m[38;5;249m,[0m[38;5;249m [0m[38;5;249mS[0m[38;5;249
mm[0m[38;5;249ma[0m[38;5;249mr[0m[38;5;249mt[0m[38;5;249mp[0m[38;5;249mh[0m[38;5;249mo[0m[38;5;249mn[0m
[38;5;249me[0m[38;5;249m,[0m[38;5;249m 
[0m[38;5;249mM[0m[38;5;249ma[0m[38;5;249mi[0m[38;5;249ml[0m[38;5;249m,[0m[38;5;249m [0m[38;5;249mM[0m[3
8;5;249me[0m[38;5;249ms[0m[38;5;249ms[0m[38;5;249ma[0m[38;5;249mg[0m[38;5;249me[0m[38;5;249mS[0m[38;5;249
mq[0m[38;5;249mu[0m[38;5;249ma[0m[38;5;249mr[0m[38;5;249me[0m[38;5;249m,[0m[38;5;249m 
[0m[38;5;249mC[0m[38;5;249ml[0m[38;5;249mo[0m[38;5;249mc[0m[38;5;249mk[0m[38;5;249m,[0m[38;5;249m [0m[3
8;5;249mC[0m[38;5;249ma[0m[38;5;249ml[0m[38;5;249me[0m[38;5;249mn[0m[38;5;249md[0m[38;5;249ma[0m[38;5;249
mr[0m[38;5;249m,[0m[38;5;249m 
[0m[38;5;249mT[0m[38;5;249my[0m[38;5;249mp[0m[38;5;249me[0m[38;5;249m,[0m[38;5;249m 
[0m[38;5;249mZ[0m[38;5;249ma[0m[38;5;249mp[0m[38;5;249m,[0m[38;5;249m [0m[38;5;249mB[0m[38;5;249me[0m[3
8;5;249ml[0m[38;5;249ml[0m[38;5;249mR[0m[38;5;249mi[0m[38;5;249mn[0m[38;5;249mg[0m[38;5;249m,[0m[38;5;249
m [0m[38;5;249mM[0m[38;5;249mo[0m[38;5;249mn[0m[38;5;249mi[0m[38;5;249mt[0m[38;5;249mo[0m[38;5;249mr[0m
[38;5;249m,[0m[38;5;249m [0m[38;5;249mF[0m[38;5;249mi[0m[38;5;249mn[0m[38;5;249mg[0m[38;5;249me[0m[38;5;2
49mr[0m[38;5;249mp[0m[38;5;249mr[0m[38;5;249mi[0m[38;5;249mn[0m[38;5;249mt[0m[38;5;249m,[0m[38;5;249m [0
m[38;5;249mL[0m[38;5;249mo[0m[38;5;249mg[0m[38;5;249mO[0m[38;5;249mu[0m[38;5;249mt[0m[38;5;249m,[0m[38;5
;249m [0m[38;5;249mC[0m[38;5;249mh[0m[38;5;249me[0m[38;5;249mv[0m[38;5;249mr[0m[38;5;249mo[0m[38;5;249mn
[0m[38;5;249mR[0m[38;5;249mi[0m[38;5;249mg[0m[38;5;249mh[0m[38;5;249mt[0m[38;5;249m,[0m[38;5;249m [0m[38
;5;249mP[0m[38;5;249ma[0m[38;5;249ml[0m[38;5;249me[0m[38;5;249mt[0m[38;5;249mt[0m[38;5;249me[0m[38;5;249m
,[0m[38;5;249m [0m[38;5;249mV[0m[38;5;249mo[0m[38;5;249ml[0m[38;5;249mu[0m[38;5;249mm[0m[38;5;249me[0m[
38;5;249m2[0m[38;5;249m,[0m[38;5;249m 
[0m[38;5;249mW[0m[38;5;249mi[0m[38;5;249mf[0m[38;5;249mi[0m[38;5;249m,[0m[38;5;249m [0m[38;5;249mD[0m[3
8;5;249ma[0m[38;5;249mt[0m[38;5;249ma[0m[38;5;249mb[0m[38;5;249ma[0m[38;5;249ms[0m[38;5;249me[0m[38;5;249
m,[0m[38;5;249m [0m[38;5;249mD[0m[38;5;249mo[0m[38;5;249mw[0m[38;5;249mn[0m[38;5;249ml[0m[38;5;249mo[0m
[38;5;249ma[0m[38;5;249md[0m[38;5;249m,[0m[38;5;249m [0m[38;5;249mU[0m[38;5;249mp[0m[38;5;249ml[0m[38;5;2
49mo[0m[38;5;249ma[0m[38;5;249md[0m[38;5;249m,[0m[38;5;249m [0m[38;5;249mR[0m[38;5;249me[0m[38;5;249mf[0
m[38;5;249mr[0m[38;5;249me[0m[38;5;249ms[0m[38;5;249mh[0m[38;5;249mC[0m[38;5;249mw[0m[38;5;249m,[0m[38;5
;249m [0m[38;5;249mL[0m[38;5;249mo[0m[38;5;249mc[0m[38;5;249mk[0m[38;5;249m,[0m[38;5;249m [0m[38;5;249mU
[0m[38;5;249mn[0m[38;5;249ml[0m[38;5;249mo[0m[38;5;249mc[0m[38;5;249mk[0m[38;5;249m,[0m[38;5;249m [0m[38
;5;249mA[0m[38;5;249ml[0m[38;5;249me[0m[38;5;249mr[0m[38;5;249mt[0m[38;5;249mT[0m[38;5;249mr[0m[38;5;249m
i[0m[38;5;249ma[0m[38;5;249mn[0m[38;5;249mg[0m[38;5;249ml[0m[38;5;249me[0m[38;5;249m,[0m[38;5;249m 
[0m[38;5;249mI[0m[38;5;249mn[0m[38;5;249mf[0m[38;5;249mo[0m[38;5;249m,[0m[38;5;249m [0m[38;5;249mH[0m[3
8;5;249me[0m[38;5;249ml[0m[38;5;249mp[0m[38;5;249mC[0m[38;5;249mi[0m[38;5;249mr[0m[38;5;249mc[0m[38;5;249
ml[0m[38;5;249me[0m[38;5;249m,[0m[38;5;249m [0m[38;5;249mS[0m[38;5;249me[0m[38;5;249ma[0m[38;5;249mr[0m
[38;5;249mc[0m[38;5;249mh[0m[38;5;249m,[0m[38;5;249m [0m[38;5;249mF[0m[38;5;249mi[0m[38;5;249ml[0m[38;5;2
49mt[0m[38;5;249me[0m[38;5;249mr[0m[38;5;249m,[0m[38;5;249m 
[0m[38;5;249mM[0m[38;5;249mo[0m[38;5;249mo[0m[38;5;249mn[0m[38;5;249m,[0m[38;5;249m 
[0m[38;5;249mS[0m[38;5;249mu[0m[38;5;249mn[0m[38;5;249m,[0m[38;5;249m [0m[38;5;249mM[0m[38;5;249mo[0m[3
8;5;249mn[0m[38;5;249mi[0m[38;5;249mt[0m[38;5;249mo[0m[38;5;249mr[0m[38;5;249m2[0m[38;5;249m,[0m[38;5;249
m [0m[38;5;249mS[0m[38;5;249mm[0m[38;5;249ma[0m[38;5;249mr[0m[38;5;249mt[0m[38;5;249mp[0m[38;5;249mh[0m
[38;5;249mo[0m[38;5;249mn[0m[38;5;249me[0m[38;5;249m [0m[38;5;249ma[0m[38;5;249ms[0m[38;5;249m [0m[38;5;2
49mP[0m[38;5;249mh[0m[38;5;249mo[0m[38;5;249mn[0m[38;5;249me[0m[38;5;249mI[0m[38;5;249mc[0m[38;5;249mo[0
m[38;5;249mn[0m[38;5;249m,[0m[38;5;249m [0m[38;5;249mT[0m[38;5;249ma[0m[38;5;249mb[0m[38;5;249ml[0m[38;5
;249me[0m[38;5;249mt[0m[38;5;249m,[0m[38;5;249m [0m[38;5;249mU[0m[38;5;249ms[0m[38;5;249me[0m[38;5;249mr
[0m[38;5;249mP[0m[38;5;249ml[0m[38;5;249mu[0m[38;5;249ms[0m[38;5;249m,[0m[38;5;249m 
[0m[38;5;249mU[0m[38;5;249ms[0m[38;5;249me[0m[38;5;249mr[0m[38;5;249ms[0m[38;5;249m,[0m[38;5;249m [0m[3
8;5;249mF[0m[38;5;249mi[0m[38;5;249ml[0m[38;5;249me[0m[38;5;249mT[0m[38;5;249me[0m[38;5;249mx[0m[38;5;249
mt[0m[38;5;249m,[0m[38;5;249m [0m[38;5;249mS[0m[38;5;249me[0m[38;5;249mt[0m[38;5;249mt[0m[38;5;249mi[0m
[38;5;249mn[0m[38;5;249mg[0m[38;5;249ms[0m[38;5;249m [0m[38;5;249ma[0m[38;5;249ms[0m[38;5;249m [0m[38;5;2
49mS[0m[38;5;249me[0m[38;5;249mt[0m[38;5;249mt[0m[38;5;249mi[0m[38;5;249mn[0m[38;5;249mg[0m[38;5;249ms[0
m[38;5;249mI[0m[38;5;249mc[0m[38;5;249mo[0m[38;5;249mn[0m[38;5;249m,[0m[38;5;249m [0m[38;5;249mC[0m[38;5
;249mr[0m[38;5;249me[0m[38;5;249md[0m[38;5;249mi[0m[38;5;249mt[0m[38;5;249mC[0m[38;5;249ma[0m[38;5;249mr
[0m[38;5;249md[0m[38;5;249m,[0m[38;5;249m [0m[38;5;249mM[0m[38;5;249ma[0m[38;5;249mp[0m[38;5;249mP[0m[38
;5;249mi[0m[38;5;249mn[0m[38;5;249m,[0m[38;5;249m [0m[38;5;249mG[0m[38;5;249ml[0m[38;5;249mo[0m[38;5;249m
b[0m[38;5;249me[0m[38;5;249m2[0m[38;5;249m,[0m[38;5;249m 
[0m[38;5;249mF[0m[38;5;249ml[0m[38;5;249ma[0m[38;5;249mg[0m[38;5;249m,[0m[38;5;249m [0m[38;5;249mL[0m[3
8;5;249ma[0m[38;5;249mn[0m[38;5;249mg[0m[38;5;249mu[0m[38;5;249ma[0m[38;5;249mg[0m[38;5;249me[0m[38;5;249
ms[0m[38;5;249m,[0m[38;5;249m [0m[38;5;249mA[0m[38;5;249mc[0m[38;5;249mc[0m[38;5;249me[0m[38;5;249ms[0m
[38;5;249ms[0m[38;5;249mi[0m[38;5;249mb[0m[38;5;249mi[0m[38;5;249ml[0m[38;5;249mi[0m[38;5;249mt[0m[38;5;2
49my[0m[38;5;249m,[0m[38;5;249m [0m[38;5;249mH[0m[38;5;249me[0m[38;5;249ma[0m[38;5;249md[0m[38;5;249mp[0
m[38;5;249mh[0m[38;5;249mo[0m[38;5;249mn[0m[38;5;249me[0m[38;5;249ms[0m[38;5;249m,[0m[38;5;249m 
[0m[38;5;249mM[0m[38;5;249mi[0m[38;5;249mc[0m[38;5;249m,[0m[38;5;249m [0m[38;5;249mM[0m[38;5;249mi[0m[3
8;5;249mc[0m[38;5;249mO[0m[38;5;249mf[0m[38;5;249mf[0m[38;5;249m,[0m[38;5;249m [0m[38;5;249mC[0m[38;5;249
ma[0m[38;5;249mm[0m[38;5;249me[0m[38;5;249mr[0m[38;5;249ma[0m[38;5;249m,[0m[38;5;249m [0m[38;5;249mC[0m
[38;5;249ma[0m[38;5;249mm[0m[38;5;249me[0m[38;5;249mr[0m[38;5;249ma[0m[38;5;249mO[0m[38;5;249mf[0m[38;5;2
49mf[0m[38;5;249m,[0m[38;5;249m [0m[38;5;249mS[0m[38;5;249mh[0m[38;5;249ma[0m[38;5;249mr[0m[38;5;249me[0
m[38;5;249m2[0m[38;5;249m,[0m[38;5;249m 
[0m[38;5;249mL[0m[38;5;249mi[0m[38;5;249mn[0m[38;5;249mk[0m[38;5;249m2[0m[38;5;249m,[0m[38;5;249m 
[0m[38;5;249mC[0m[38;5;249mo[0m[38;5;249mp[0m[38;5;249my[0m[38;5;249m,[0m[38;5;249m [0m[38;5;249mT[0m[3
8;5;249mr[0m[38;5;249ma[0m[38;5;249ms[0m[38;5;249mh[0m[38;5;249m2[0m[38;5;249m,[0m[38;5;249m [0m[38;5;249
mA[0m[38;5;249mr[0m[38;5;249mc[0m[38;5;249mh[0m[38;5;249mi[0m[38;5;249mv[0m[38;5;249me[0m[38;5;249m,[0m
[38;5;249m [0m[38;5;249mS[0m[38;5;249mt[0m[38;5;249ma[0m[38;5;249mr[0m[38;5;249m,[0m[38;5;249m 
[0m[38;5;249mH[0m[38;5;249me[0m[38;5;249ma[0m[38;5;249mr[0m[38;5;249mt[0m[38;5;249m,[0m[38;5;249m [0m[3
8;5;249mB[0m[38;5;249mo[0m[38;5;249mo[0m[38;5;249mk[0m[38;5;249mm[0m[38;5;249ma[0m[38;5;249mr[0m[38;5;249
mk[0m[38;5;249m,[0m[38;5;249m [0m[38;5;249mA[0m[38;5;249ml[0m[38;5;249me[0m[38;5;249mr[0m[38;5;249mt[0m
[38;5;249mC[0m[38;5;249mi[0m[38;5;249mr[0m[38;5;249mc[0m[38;5;249ml[0m[38;5;249me[0m[38;5;249m,[0m[38;5;2
49m [0m[38;5;249mC[0m[38;5;249mh[0m[38;5;249me[0m[38;5;249mc[0m[38;5;249mk[0m[38;5;249mC[0m[38;5;249mi[0
m[38;5;249mr[0m[38;5;249mc[0m[38;5;249ml[0m[38;5;249me[0m[38;5;249m2[0m[38;5;249m,[0m[38;5;249m [0m[38;5
;249mC[0m[38;5;249mi[0m[38;5;249mr[0m[38;5;249mc[0m[38;5;249ml[0m[38;5;249me[0m[38;5;249m,[0m[38;5;249m 
[0m[38;5;249mR[0m[38;5;249ma[0m[38;5;249md[0m[38;5;249mi[0m[38;5;249mo[0m[38;5;249mI[0m[38;5;249mc[0m[38
;5;249mo[0m[38;5;249mn[0m[38;5;249m,[0m[38;5;249m [0m[38;5;249mC[0m[38;5;249mh[0m[38;5;249me[0m[38;5;249m
v[0m[38;5;249mr[0m[38;5;249mo[0m[38;5;249mn[0m[38;5;249mD[0m[38;5;249mo[0m[38;5;249mw[0m[38;5;249mn[0m[
38;5;249m,[0m[38;5;249m [0m[38;5;249mC[0m[38;5;249mh[0m[38;5;249me[0m[38;5;249mv[0m[38;5;249mr[0m[38;5;24
9mo[0m[38;5;249mn[0m[38;5;249mU[0m[38;5;249mp[0m[38;5;249m,[0m[38;5;249m 
[0m[38;5;249mM[0m[38;5;249me[0m[38;5;249mn[0m[38;5;249mu[0m[38;5;249m,[0m[38;5;249m 
[0m[38;5;249mH[0m[38;5;249mo[0m[38;5;249mm[0m[38;5;249me[0m[38;5;249m,[0m[38;5;249m [0m[38;5;249mL[0m[3
8;5;249ma[0m[38;5;249my[0m[38;5;249mo[0m[38;5;249mu[0m[38;5;249mt[0m[38;5;249m,[0m[38;5;249m 
[0m[38;5;249mG[0m[38;5;249mr[0m[38;5;249mi[0m[38;5;249md[0m[38;5;249m,[0m[38;5;249m 
[0m[38;5;249mL[0m[38;5;249mi[0m[38;5;249ms[0m[38;5;249mt[0m[38;5;249m,[0m[38;5;249m 
[0mCards[38;5;249m,[0m[38;5;249m 
[0m[38;5;249mE[0m[38;5;249my[0m[38;5;249me[0m[38;5;249m2[0m[38;5;249m,[0m[38;5;249m [0m[38;5;249mE[0m[3
8;5;249my[0m[38;5;249me[0m[38;5;249mO[0m[38;5;249mf[0m[38;5;249mf[0m[38;5;249m2[0m[38;5;249m,[0m[38;5;249
m [0m[38;5;249mS[0m[38;5;249mu[0m[38;5;249mn[0m[38;5;249mM[0m[38;5;249mo[0m[38;5;249mo[0m[38;5;249mn[0m
[38;5;249m,[0m[38;5;249m 
[0m[38;5;249mC[0m[38;5;249ml[0m[38;5;249mo[0m[38;5;249mu[0m[38;5;249md[0m[38;5;249m,[0m[38;5;249m [0m[3
8;5;249mC[0m[38;5;249ml[0m[38;5;249mo[0m[38;5;249mu[0m[38;5;249md[0m[38;5;249mR[0m[38;5;249ma[0m[38;5;249
mi[0m[38;5;249mn[0m[38;5;249m,[0m[38;5;249m 
[0m[38;5;249mW[0m[38;5;249mi[0m[38;5;249mn[0m[38;5;249md[0m[38;5;249m,[0m[38;5;249m [0m[38;5;249mT[0m[3
8;5;249mh[0m[38;5;249me[0m[38;5;249mr[0m[38;5;249mm[0m[38;5;249mo[0m[38;5;249mm[0m[38;5;249me[0m[38;5;249
mt[0m[38;5;249me[0m[38;5;249mr[0m[38;5;249m,[0m[38;5;249m 
[0m[38;5;249mG[0m[38;5;249ma[0m[38;5;249mu[0m[38;5;249mg[0m[38;5;249me[0m[38;5;249m,[0m[38;5;249m [0m[3
8;5;249mA[0m[38;5;249mc[0m[38;5;249mt[0m[38;5;249mi[0m[38;5;249mv[0m[38;5;249mi[0m[38;5;249mt[0m[38;5;249
my[0m[38;5;249m,[0m[38;5;249m 
[0m[38;5;249mP[0m[38;5;249mu[0m[38;5;249ml[0m[38;5;249ms[0m[38;5;249me[0m[38;5;249m,[0m[38;5;249m 
[0m[38;5;249mB[0m[38;5;249mr[0m[38;5;249ma[0m[38;5;249mi[0m[38;5;249mn[0m[38;5;249m,[0m[38;5;249m [0m[3
8;5;249mH[0m[38;5;249me[0m[38;5;249ma[0m[38;5;249mr[0m[38;5;249mt[0m[38;5;249mP[0m[38;5;249mu[0m[38;5;249
ml[0m[38;5;249ms[0m[38;5;249me[0m[38;5;249m,[0m[38;5;249m [0m[38;5;249mS[0m[38;5;249mt[0m[38;5;249me[0m
[38;5;249mt[0m[38;5;249mh[0m[38;5;249mo[0m[38;5;249ms[0m[38;5;249mc[0m[38;5;249mo[0m[38;5;249mp[0m[38;5;2
49me[0m[38;5;249m,[0m[38;5;249m [0m[38;5;249mP[0m[38;5;249mi[0m[38;5;249ml[0m[38;5;249ml[0m[38;5;249m 
[0m[38;5;249m}[0m[38;5;249m [0m[38;5;249mf[0m[38;5;249mr[0m[38;5;249mo[0m[38;5;249mm[0m[38;5;249m [0m[3
8;5;249m"[0m[38;5;249ml[0m[38;5;249mu[0m[38;5;249mc[0m[38;5;249mi[0m[38;5;249md[0m[38;5;249me[0m[38;5;249
m-[0m[38;5;249mr[0m[38;5;249me[0m[38;5;249ma[0m[38;5;249mc[0m[38;5;249mt[0m[38;5;249m"[0m[38;5;249m;[0m
 [38;5;240m  Ôöé[0m                                                                                                  
                                                                                                                       
                                                                                                                       
                                                                                                                       
                                                                                                                       
                                                                                                                   
ÔöÇÔöÇÔö¼ÔöÇÔöÇ  
 [38;5;240m  Ôöé[0m                                                                                                  
                                                                                                                       
                                                                                                                       
                                                                                                                       
                                                                                                                       
                                                                                                                     
Ôò░ÔöÇÔöÇÔöÇÔöÇ Missing export
[38;5;246mÔöÇÔöÇÔöÇÔò»[0m

[31m[MISSING_EXPORT] Error:[0m "Eye2" is not exported by "node_modules/lucide-react/dist/esm/lucide-react.js".
   [38;5;246mÔò¡[0m[38;5;246mÔöÇ[0m[38;5;246m[[0m src/shared/SettingsModal.jsx:2:696 [38;5;246m][0m
   [38;5;246mÔöé[0m
 [38;5;246m2 Ôöé[0m 
[38;5;249mi[0m[38;5;249mm[0m[38;5;249mp[0m[38;5;249mo[0m[38;5;249mr[0m[38;5;249mt[0m[38;5;249m 
[0m[38;5;249m{[0m[38;5;249m [0m[38;5;249mX[0m[38;5;249m,[0m[38;5;249m 
[0m[38;5;249mU[0m[38;5;249ms[0m[38;5;249me[0m[38;5;249mr[0m[38;5;249m,[0m[38;5;249m [0m[38;5;249mS[0m[3
8;5;249mh[0m[38;5;249mi[0m[38;5;249me[0m[38;5;249ml[0m[38;5;249md[0m[38;5;249m,[0m[38;5;249m 
[0m[38;5;249mG[0m[38;5;249ml[0m[38;5;249mo[0m[38;5;249mb[0m[38;5;249me[0m[38;5;249m,[0m[38;5;249m 
[0m[38;5;249mC[0m[38;5;249mh[0m[38;5;249me[0m[38;5;249mc[0m[38;5;249mk[0m[38;5;249m,[0m[38;5;249m 
[0m[38;5;249mS[0m[38;5;249ma[0m[38;5;249mv[0m[38;5;249me[0m[38;5;249m,[0m[38;5;249m [0m[38;5;249mL[0m[3
8;5;249mo[0m[38;5;249ma[0m[38;5;249md[0m[38;5;249me[0m[38;5;249mr[0m[38;5;249m2[0m[38;5;249m,[0m[38;5;249
m [0m[38;5;249mK[0m[38;5;249me[0m[38;5;249my[0m[38;5;249m,[0m[38;5;249m 
[0m[38;5;249mE[0m[38;5;249my[0m[38;5;249me[0m[38;5;249m,[0m[38;5;249m [0m[38;5;249mE[0m[38;5;249my[0m[3
8;5;249me[0m[38;5;249mO[0m[38;5;249mf[0m[38;5;249mf[0m[38;5;249m,[0m[38;5;249m [0m[38;5;249mS[0m[38;5;249
mm[0m[38;5;249ma[0m[38;5;249mr[0m[38;5;249mt[0m[38;5;249mp[0m[38;5;249mh[0m[38;5;249mo[0m[38;5;249mn[0m
[38;5;249me[0m[38;5;249m,[0m[38;5;249m 
[0m[38;5;249mM[0m[38;5;249ma[0m[38;5;249mi[0m[38;5;249ml[0m[38;5;249m,[0m[38;5;249m [0m[38;5;249mM[0m[3
8;5;249me[0m[38;5;249ms[0m[38;5;249ms[0m[38;5;249ma[0m[38;5;249mg[0m[38;5;249me[0m[38;5;249mS[0m[38;5;249
mq[0m[38;5;249mu[0m[38;5;249ma[0m[38;5;249mr[0m[38;5;249me[0m[38;5;249m,[0m[38;5;249m 
[0m[38;5;249mC[0m[38;5;249ml[0m[38;5;249mo[0m[38;5;249mc[0m[38;5;249mk[0m[38;5;249m,[0m[38;5;249m [0m[3
8;5;249mC[0m[38;5;249ma[0m[38;5;249ml[0m[38;5;249me[0m[38;5;249mn[0m[38;5;249md[0m[38;5;249ma[0m[38;5;249
mr[0m[38;5;249m,[0m[38;5;249m 
[0m[38;5;249mT[0m[38;5;249my[0m[38;5;249mp[0m[38;5;249me[0m[38;5;249m,[0m[38;5;249m 
[0m[38;5;249mZ[0m[38;5;249ma[0m[38;5;249mp[0m[38;5;249m,[0m[38;5;249m [0m[38;5;249mB[0m[38;5;249me[0m[3
8;5;249ml[0m[38;5;249ml[0m[38;5;249mR[0m[38;5;249mi[0m[38;5;249mn[0m[38;5;249mg[0m[38;5;249m,[0m[38;5;249
m [0m[38;5;249mM[0m[38;5;249mo[0m[38;5;249mn[0m[38;5;249mi[0m[38;5;249mt[0m[38;5;249mo[0m[38;5;249mr[0m
[38;5;249m,[0m[38;5;249m [0m[38;5;249mF[0m[38;5;249mi[0m[38;5;249mn[0m[38;5;249mg[0m[38;5;249me[0m[38;5;2
49mr[0m[38;5;249mp[0m[38;5;249mr[0m[38;5;249mi[0m[38;5;249mn[0m[38;5;249mt[0m[38;5;249m,[0m[38;5;249m [0
m[38;5;249mL[0m[38;5;249mo[0m[38;5;249mg[0m[38;5;249mO[0m[38;5;249mu[0m[38;5;249mt[0m[38;5;249m,[0m[38;5
;249m [0m[38;5;249mC[0m[38;5;249mh[0m[38;5;249me[0m[38;5;249mv[0m[38;5;249mr[0m[38;5;249mo[0m[38;5;249mn
[0m[38;5;249mR[0m[38;5;249mi[0m[38;5;249mg[0m[38;5;249mh[0m[38;5;249mt[0m[38;5;249m,[0m[38;5;249m [0m[38
;5;249mP[0m[38;5;249ma[0m[38;5;249ml[0m[38;5;249me[0m[38;5;249mt[0m[38;5;249mt[0m[38;5;249me[0m[38;5;249m
,[0m[38;5;249m [0m[38;5;249mV[0m[38;5;249mo[0m[38;5;249ml[0m[38;5;249mu[0m[38;5;249mm[0m[38;5;249me[0m[
38;5;249m2[0m[38;5;249m,[0m[38;5;249m 
[0m[38;5;249mW[0m[38;5;249mi[0m[38;5;249mf[0m[38;5;249mi[0m[38;5;249m,[0m[38;5;249m [0m[38;5;249mD[0m[3
8;5;249ma[0m[38;5;249mt[0m[38;5;249ma[0m[38;5;249mb[0m[38;5;249ma[0m[38;5;249ms[0m[38;5;249me[0m[38;5;249
m,[0m[38;5;249m [0m[38;5;249mD[0m[38;5;249mo[0m[38;5;249mw[0m[38;5;249mn[0m[38;5;249ml[0m[38;5;249mo[0m
[38;5;249ma[0m[38;5;249md[0m[38;5;249m,[0m[38;5;249m [0m[38;5;249mU[0m[38;5;249mp[0m[38;5;249ml[0m[38;5;2
49mo[0m[38;5;249ma[0m[38;5;249md[0m[38;5;249m,[0m[38;5;249m [0m[38;5;249mR[0m[38;5;249me[0m[38;5;249mf[0
m[38;5;249mr[0m[38;5;249me[0m[38;5;249ms[0m[38;5;249mh[0m[38;5;249mC[0m[38;5;249mw[0m[38;5;249m,[0m[38;5
;249m [0m[38;5;249mL[0m[38;5;249mo[0m[38;5;249mc[0m[38;5;249mk[0m[38;5;249m,[0m[38;5;249m [0m[38;5;249mU
[0m[38;5;249mn[0m[38;5;249ml[0m[38;5;249mo[0m[38;5;249mc[0m[38;5;249mk[0m[38;5;249m,[0m[38;5;249m [0m[38
;5;249mA[0m[38;5;249ml[0m[38;5;249me[0m[38;5;249mr[0m[38;5;249mt[0m[38;5;249mT[0m[38;5;249mr[0m[38;5;249m
i[0m[38;5;249ma[0m[38;5;249mn[0m[38;5;249mg[0m[38;5;249ml[0m[38;5;249me[0m[38;5;249m,[0m[38;5;249m 
[0m[38;5;249mI[0m[38;5;249mn[0m[38;5;249mf[0m[38;5;249mo[0m[38;5;249m,[0m[38;5;249m [0m[38;5;249mH[0m[3
8;5;249me[0m[38;5;249ml[0m[38;5;249mp[0m[38;5;249mC[0m[38;5;249mi[0m[38;5;249mr[0m[38;5;249mc[0m[38;5;249
ml[0m[38;5;249me[0m[38;5;249m,[0m[38;5;249m [0m[38;5;249mS[0m[38;5;249me[0m[38;5;249ma[0m[38;5;249mr[0m
[38;5;249mc[0m[38;5;249mh[0m[38;5;249m,[0m[38;5;249m [0m[38;5;249mF[0m[38;5;249mi[0m[38;5;249ml[0m[38;5;2
49mt[0m[38;5;249me[0m[38;5;249mr[0m[38;5;249m,[0m[38;5;249m 
[0m[38;5;249mM[0m[38;5;249mo[0m[38;5;249mo[0m[38;5;249mn[0m[38;5;249m,[0m[38;5;249m 
[0m[38;5;249mS[0m[38;5;249mu[0m[38;5;249mn[0m[38;5;249m,[0m[38;5;249m [0m[38;5;249mM[0m[38;5;249mo[0m[3
8;5;249mn[0m[38;5;249mi[0m[38;5;249mt[0m[38;5;249mo[0m[38;5;249mr[0m[38;5;249m2[0m[38;5;249m,[0m[38;5;249
m [0m[38;5;249mS[0m[38;5;249mm[0m[38;5;249ma[0m[38;5;249mr[0m[38;5;249mt[0m[38;5;249mp[0m[38;5;249mh[0m
[38;5;249mo[0m[38;5;249mn[0m[38;5;249me[0m[38;5;249m [0m[38;5;249ma[0m[38;5;249ms[0m[38;5;249m [0m[38;5;2
49mP[0m[38;5;249mh[0m[38;5;249mo[0m[38;5;249mn[0m[38;5;249me[0m[38;5;249mI[0m[38;5;249mc[0m[38;5;249mo[0
m[38;5;249mn[0m[38;5;249m,[0m[38;5;249m [0m[38;5;249mT[0m[38;5;249ma[0m[38;5;249mb[0m[38;5;249ml[0m[38;5
;249me[0m[38;5;249mt[0m[38;5;249m,[0m[38;5;249m [0m[38;5;249mU[0m[38;5;249ms[0m[38;5;249me[0m[38;5;249mr
[0m[38;5;249mP[0m[38;5;249ml[0m[38;5;249mu[0m[38;5;249ms[0m[38;5;249m,[0m[38;5;249m 
[0m[38;5;249mU[0m[38;5;249ms[0m[38;5;249me[0m[38;5;249mr[0m[38;5;249ms[0m[38;5;249m,[0m[38;5;249m [0m[3
8;5;249mF[0m[38;5;249mi[0m[38;5;249ml[0m[38;5;249me[0m[38;5;249mT[0m[38;5;249me[0m[38;5;249mx[0m[38;5;249
mt[0m[38;5;249m,[0m[38;5;249m [0m[38;5;249mS[0m[38;5;249me[0m[38;5;249mt[0m[38;5;249mt[0m[38;5;249mi[0m
[38;5;249mn[0m[38;5;249mg[0m[38;5;249ms[0m[38;5;249m [0m[38;5;249ma[0m[38;5;249ms[0m[38;5;249m [0m[38;5;2
49mS[0m[38;5;249me[0m[38;5;249mt[0m[38;5;249mt[0m[38;5;249mi[0m[38;5;249mn[0m[38;5;249mg[0m[38;5;249ms[0
m[38;5;249mI[0m[38;5;249mc[0m[38;5;249mo[0m[38;5;249mn[0m[38;5;249m,[0m[38;5;249m [0m[38;5;249mC[0m[38;5
;249mr[0m[38;5;249me[0m[38;5;249md[0m[38;5;249mi[0m[38;5;249mt[0m[38;5;249mC[0m[38;5;249ma[0m[38;5;249mr
[0m[38;5;249md[0m[38;5;249m,[0m[38;5;249m [0m[38;5;249mM[0m[38;5;249ma[0m[38;5;249mp[0m[38;5;249mP[0m[38
;5;249mi[0m[38;5;249mn[0m[38;5;249m,[0m[38;5;249m [0m[38;5;249mG[0m[38;5;249ml[0m[38;5;249mo[0m[38;5;249m
b[0m[38;5;249me[0m[38;5;249m2[0m[38;5;249m,[0m[38;5;249m 
[0m[38;5;249mF[0m[38;5;249ml[0m[38;5;249ma[0m[38;5;249mg[0m[38;5;249m,[0m[38;5;249m [0m[38;5;249mL[0m[3
8;5;249ma[0m[38;5;249mn[0m[38;5;249mg[0m[38;5;249mu[0m[38;5;249ma[0m[38;5;249mg[0m[38;5;249me[0m[38;5;249
ms[0m[38;5;249m,[0m[38;5;249m [0m[38;5;249mA[0m[38;5;249mc[0m[38;5;249mc[0m[38;5;249me[0m[38;5;249ms[0m
[38;5;249ms[0m[38;5;249mi[0m[38;5;249mb[0m[38;5;249mi[0m[38;5;249ml[0m[38;5;249mi[0m[38;5;249mt[0m[38;5;2
49my[0m[38;5;249m,[0m[38;5;249m [0m[38;5;249mH[0m[38;5;249me[0m[38;5;249ma[0m[38;5;249md[0m[38;5;249mp[0
m[38;5;249mh[0m[38;5;249mo[0m[38;5;249mn[0m[38;5;249me[0m[38;5;249ms[0m[38;5;249m,[0m[38;5;249m 
[0m[38;5;249mM[0m[38;5;249mi[0m[38;5;249mc[0m[38;5;249m,[0m[38;5;249m [0m[38;5;249mM[0m[38;5;249mi[0m[3
8;5;249mc[0m[38;5;249mO[0m[38;5;249mf[0m[38;5;249mf[0m[38;5;249m,[0m[38;5;249m [0m[38;5;249mC[0m[38;5;249
ma[0m[38;5;249mm[0m[38;5;249me[0m[38;5;249mr[0m[38;5;249ma[0m[38;5;249m,[0m[38;5;249m [0m[38;5;249mC[0m
[38;5;249ma[0m[38;5;249mm[0m[38;5;249me[0m[38;5;249mr[0m[38;5;249ma[0m[38;5;249mO[0m[38;5;249mf[0m[38;5;2
49mf[0m[38;5;249m,[0m[38;5;249m [0m[38;5;249mS[0m[38;5;249mh[0m[38;5;249ma[0m[38;5;249mr[0m[38;5;249me[0
m[38;5;249m2[0m[38;5;249m,[0m[38;5;249m 
[0m[38;5;249mL[0m[38;5;249mi[0m[38;5;249mn[0m[38;5;249mk[0m[38;5;249m2[0m[38;5;249m,[0m[38;5;249m 
[0m[38;5;249mC[0m[38;5;249mo[0m[38;5;249mp[0m[38;5;249my[0m[38;5;249m,[0m[38;5;249m [0m[38;5;249mT[0m[3
8;5;249mr[0m[38;5;249ma[0m[38;5;249ms[0m[38;5;249mh[0m[38;5;249m2[0m[38;5;249m,[0m[38;5;249m [0m[38;5;249
mA[0m[38;5;249mr[0m[38;5;249mc[0m[38;5;249mh[0m[38;5;249mi[0m[38;5;249mv[0m[38;5;249me[0m[38;5;249m,[0m
[38;5;249m [0m[38;5;249mS[0m[38;5;249mt[0m[38;5;249ma[0m[38;5;249mr[0m[38;5;249m,[0m[38;5;249m 
[0m[38;5;249mH[0m[38;5;249me[0m[38;5;249ma[0m[38;5;249mr[0m[38;5;249mt[0m[38;5;249m,[0m[38;5;249m [0m[3
8;5;249mB[0m[38;5;249mo[0m[38;5;249mo[0m[38;5;249mk[0m[38;5;249mm[0m[38;5;249ma[0m[38;5;249mr[0m[38;5;249
mk[0m[38;5;249m,[0m[38;5;249m [0m[38;5;249mA[0m[38;5;249ml[0m[38;5;249me[0m[38;5;249mr[0m[38;5;249mt[0m
[38;5;249mC[0m[38;5;249mi[0m[38;5;249mr[0m[38;5;249mc[0m[38;5;249ml[0m[38;5;249me[0m[38;5;249m,[0m[38;5;2
49m [0m[38;5;249mC[0m[38;5;249mh[0m[38;5;249me[0m[38;5;249mc[0m[38;5;249mk[0m[38;5;249mC[0m[38;5;249mi[0
m[38;5;249mr[0m[38;5;249mc[0m[38;5;249ml[0m[38;5;249me[0m[38;5;249m2[0m[38;5;249m,[0m[38;5;249m [0m[38;5
;249mC[0m[38;5;249mi[0m[38;5;249mr[0m[38;5;249mc[0m[38;5;249ml[0m[38;5;249me[0m[38;5;249m,[0m[38;5;249m 
[0m[38;5;249mR[0m[38;5;249ma[0m[38;5;249md[0m[38;5;249mi[0m[38;5;249mo[0m[38;5;249mI[0m[38;5;249mc[0m[38
;5;249mo[0m[38;5;249mn[0m[38;5;249m,[0m[38;5;249m [0m[38;5;249mC[0m[38;5;249mh[0m[38;5;249me[0m[38;5;249m
v[0m[38;5;249mr[0m[38;5;249mo[0m[38;5;249mn[0m[38;5;249mD[0m[38;5;249mo[0m[38;5;249mw[0m[38;5;249mn[0m[
38;5;249m,[0m[38;5;249m [0m[38;5;249mC[0m[38;5;249mh[0m[38;5;249me[0m[38;5;249mv[0m[38;5;249mr[0m[38;5;24
9mo[0m[38;5;249mn[0m[38;5;249mU[0m[38;5;249mp[0m[38;5;249m,[0m[38;5;249m 
[0m[38;5;249mM[0m[38;5;249me[0m[38;5;249mn[0m[38;5;249mu[0m[38;5;249m,[0m[38;5;249m 
[0m[38;5;249mH[0m[38;5;249mo[0m[38;5;249mm[0m[38;5;249me[0m[38;5;249m,[0m[38;5;249m [0m[38;5;249mL[0m[3
8;5;249ma[0m[38;5;249my[0m[38;5;249mo[0m[38;5;249mu[0m[38;5;249mt[0m[38;5;249m,[0m[38;5;249m 
[0m[38;5;249mG[0m[38;5;249mr[0m[38;5;249mi[0m[38;5;249md[0m[38;5;249m,[0m[38;5;249m 
[0m[38;5;249mL[0m[38;5;249mi[0m[38;5;249ms[0m[38;5;249mt[0m[38;5;249m,[0m[38;5;249m 
[0m[38;5;249mC[0m[38;5;249ma[0m[38;5;249mr[0m[38;5;249md[0m[38;5;249ms[0m[38;5;249m,[0m[38;5;249m 
[0mEye2[38;5;249m,[0m[38;5;249m [0m[38;5;249mE[0m[38;5;249my[0m[38;5;249me[0m[38;5;249mO[0m[38;5;249mf[0
m[38;5;249mf[0m[38;5;249m2[0m[38;5;249m,[0m[38;5;249m [0m[38;5;249mS[0m[38;5;249mu[0m[38;5;249mn[0m[38;5
;249mM[0m[38;5;249mo[0m[38;5;249mo[0m[38;5;249mn[0m[38;5;249m,[0m[38;5;249m 
[0m[38;5;249mC[0m[38;5;249ml[0m[38;5;249mo[0m[38;5;249mu[0m[38;5;249md[0m[38;5;249m,[0m[38;5;249m [0m[3
8;5;249mC[0m[38;5;249ml[0m[38;5;249mo[0m[38;5;249mu[0m[38;5;249md[0m[38;5;249mR[0m[38;5;249ma[0m[38;5;249
mi[0m[38;5;249mn[0m[38;5;249m,[0m[38;5;249m 
[0m[38;5;249mW[0m[38;5;249mi[0m[38;5;249mn[0m[38;5;249md[0m[38;5;249m,[0m[38;5;249m [0m[38;5;249mT[0m[3
8;5;249mh[0m[38;5;249me[0m[38;5;249mr[0m[38;5;249mm[0m[38;5;249mo[0m[38;5;249mm[0m[38;5;249me[0m[38;5;249
mt[0m[38;5;249me[0m[38;5;249mr[0m[38;5;249m,[0m[38;5;249m 
[0m[38;5;249mG[0m[38;5;249ma[0m[38;5;249mu[0m[38;5;249mg[0m[38;5;249me[0m[38;5;249m,[0m[38;5;249m [0m[3
8;5;249mA[0m[38;5;249mc[0m[38;5;249mt[0m[38;5;249mi[0m[38;5;249mv[0m[38;5;249mi[0m[38;5;249mt[0m[38;5;249
my[0m[38;5;249m,[0m[38;5;249m 
[0m[38;5;249mP[0m[38;5;249mu[0m[38;5;249ml[0m[38;5;249ms[0m[38;5;249me[0m[38;5;249m,[0m[38;5;249m 
[0m[38;5;249mB[0m[38;5;249mr[0m[38;5;249ma[0m[38;5;249mi[0m[38;5;249mn[0m[38;5;249m,[0m[38;5;249m [0m[3
8;5;249mH[0m[38;5;249me[0m[38;5;249ma[0m[38;5;249mr[0m[38;5;249mt[0m[38;5;249mP[0m[38;5;249mu[0m[38;5;249
ml[0m[38;5;249ms[0m[38;5;249me[0m[38;5;249m,[0m[38;5;249m [0m[38;5;249mS[0m[38;5;249mt[0m[38;5;249me[0m
[38;5;249mt[0m[38;5;249mh[0m[38;5;249mo[0m[38;5;249ms[0m[38;5;249mc[0m[38;5;249mo[0m[38;5;249mp[0m[38;5;2
49me[0m[38;5;249m,[0m[38;5;249m [0m[38;5;249mP[0m[38;5;249mi[0m[38;5;249ml[0m[38;5;249ml[0m[38;5;249m 
[0m[38;5;249m}[0m[38;5;249m [0m[38;5;249mf[0m[38;5;249mr[0m[38;5;249mo[0m[38;5;249mm[0m[38;5;249m [0m[3
8;5;249m"[0m[38;5;249ml[0m[38;5;249mu[0m[38;5;249mc[0m[38;5;249mi[0m[38;5;249md[0m[38;5;249me[0m[38;5;249
m-[0m[38;5;249mr[0m[38;5;249me[0m[38;5;249ma[0m[38;5;249mc[0m[38;5;249mt[0m[38;5;249m"[0m[38;5;249m;[0m
 [38;5;240m  Ôöé[0m                                                                                                  
                                                                                                                       
                                                                                                                       
                                                                                                                       
                                                                                                                       
                                                                                                                       
   ÔöÇÔöÇÔö¼ÔöÇ  
 [38;5;240m  Ôöé[0m                                                                                                  
                                                                                                                       
                                                                                                                       
                                                                                                                       
                                                                                                                       
                                                                                                                       
     Ôò░ÔöÇÔöÇÔöÇ Missing export
[38;5;246mÔöÇÔöÇÔöÇÔò»[0m

[31m[MISSING_EXPORT] Error:[0m "EyeOff2" is not exported by "node_modules/lucide-react/dist/esm/lucide-react.js".
   [38;5;246mÔò¡[0m[38;5;246mÔöÇ[0m[38;5;246m[[0m src/shared/SettingsModal.jsx:2:702 [38;5;246m][0m
   [38;5;246mÔöé[0m
 [38;5;246m2 Ôöé[0m 
[38;5;249mi[0m[38;5;249mm[0m[38;5;249mp[0m[38;5;249mo[0m[38;5;249mr[0m[38;5;249mt[0m[38;5;249m 
[0m[38;5;249m{[0m[38;5;249m [0m[38;5;249mX[0m[38;5;249m,[0m[38;5;249m 
[0m[38;5;249mU[0m[38;5;249ms[0m[38;5;249me[0m[38;5;249mr[0m[38;5;249m,[0m[38;5;249m [0m[38;5;249mS[0m[3
8;5;249mh[0m[38;5;249mi[0m[38;5;249me[0m[38;5;249ml[0m[38;5;249md[0m[38;5;249m,[0m[38;5;249m 
[0m[38;5;249mG[0m[38;5;249ml[0m[38;5;249mo[0m[38;5;249mb[0m[38;5;249me[0m[38;5;249m,[0m[38;5;249m 
[0m[38;5;249mC[0m[38;5;249mh[0m[38;5;249me[0m[38;5;249mc[0m[38;5;249mk[0m[38;5;249m,[0m[38;5;249m 
[0m[38;5;249mS[0m[38;5;249ma[0m[38;5;249mv[0m[38;5;249me[0m[38;5;249m,[0m[38;5;249m [0m[38;5;249mL[0m[3
8;5;249mo[0m[38;5;249ma[0m[38;5;249md[0m[38;5;249me[0m[38;5;249mr[0m[38;5;249m2[0m[38;5;249m,[0m[38;5;249
m [0m[38;5;249mK[0m[38;5;249me[0m[38;5;249my[0m[38;5;249m,[0m[38;5;249m 
[0m[38;5;249mE[0m[38;5;249my[0m[38;5;249me[0m[38;5;249m,[0m[38;5;249m [0m[38;5;249mE[0m[38;5;249my[0m[3
8;5;249me[0m[38;5;249mO[0m[38;5;249mf[0m[38;5;249mf[0m[38;5;249m,[0m[38;5;249m [0m[38;5;249mS[0m[38;5;249
mm[0m[38;5;249ma[0m[38;5;249mr[0m[38;5;249mt[0m[38;5;249mp[0m[38;5;249mh[0m[38;5;249mo[0m[38;5;249mn[0m
[38;5;249me[0m[38;5;249m,[0m[38;5;249m 
[0m[38;5;249mM[0m[38;5;249ma[0m[38;5;249mi[0m[38;5;249ml[0m[38;5;249m,[0m[38;5;249m [0m[38;5;249mM[0m[3
8;5;249me[0m[38;5;249ms[0m[38;5;249ms[0m[38;5;249ma[0m[38;5;249mg[0m[38;5;249me[0m[38;5;249mS[0m[38;5;249
mq[0m[38;5;249mu[0m[38;5;249ma[0m[38;5;249mr[0m[38;5;249me[0m[38;5;249m,[0m[38;5;249m 
[0m[38;5;249mC[0m[38;5;249ml[0m[38;5;249mo[0m[38;5;249mc[0m[38;5;249mk[0m[38;5;249m,[0m[38;5;249m [0m[3
8;5;249mC[0m[38;5;249ma[0m[38;5;249ml[0m[38;5;249me[0m[38;5;249mn[0m[38;5;249md[0m[38;5;249ma[0m[38;5;249
mr[0m[38;5;249m,[0m[38;5;249m 
[0m[38;5;249mT[0m[38;5;249my[0m[38;5;249mp[0m[38;5;249me[0m[38;5;249m,[0m[38;5;249m 
[0m[38;5;249mZ[0m[38;5;249ma[0m[38;5;249mp[0m[38;5;249m,[0m[38;5;249m [0m[38;5;249mB[0m[38;5;249me[0m[3
8;5;249ml[0m[38;5;249ml[0m[38;5;249mR[0m[38;5;249mi[0m[38;5;249mn[0m[38;5;249mg[0m[38;5;249m,[0m[38;5;249
m [0m[38;5;249mM[0m[38;5;249mo[0m[38;5;249mn[0m[38;5;249mi[0m[38;5;249mt[0m[38;5;249mo[0m[38;5;249mr[0m
[38;5;249m,[0m[38;5;249m [0m[38;5;249mF[0m[38;5;249mi[0m[38;5;249mn[0m[38;5;249mg[0m[38;5;249me[0m[38;5;2
49mr[0m[38;5;249mp[0m[38;5;249mr[0m[38;5;249mi[0m[38;5;249mn[0m[38;5;249mt[0m[38;5;249m,[0m[38;5;249m [0
m[38;5;249mL[0m[38;5;249mo[0m[38;5;249mg[0m[38;5;249mO[0m[38;5;249mu[0m[38;5;249mt[0m[38;5;249m,[0m[38;5
;249m [0m[38;5;249mC[0m[38;5;249mh[0m[38;5;249me[0m[38;5;249mv[0m[38;5;249mr[0m[38;5;249mo[0m[38;5;249mn
[0m[38;5;249mR[0m[38;5;249mi[0m[38;5;249mg[0m[38;5;249mh[0m[38;5;249mt[0m[38;5;249m,[0m[38;5;249m [0m[38
;5;249mP[0m[38;5;249ma[0m[38;5;249ml[0m[38;5;249me[0m[38;5;249mt[0m[38;5;249mt[0m[38;5;249me[0m[38;5;249m
,[0m[38;5;249m [0m[38;5;249mV[0m[38;5;249mo[0m[38;5;249ml[0m[38;5;249mu[0m[38;5;249mm[0m[38;5;249me[0m[
38;5;249m2[0m[38;5;249m,[0m[38;5;249m 
[0m[38;5;249mW[0m[38;5;249mi[0m[38;5;249mf[0m[38;5;249mi[0m[38;5;249m,[0m[38;5;249m [0m[38;5;249mD[0m[3
8;5;249ma[0m[38;5;249mt[0m[38;5;249ma[0m[38;5;249mb[0m[38;5;249ma[0m[38;5;249ms[0m[38;5;249me[0m[38;5;249
m,[0m[38;5;249m [0m[38;5;249mD[0m[38;5;249mo[0m[38;5;249mw[0m[38;5;249mn[0m[38;5;249ml[0m[38;5;249mo[0m
[38;5;249ma[0m[38;5;249md[0m[38;5;249m,[0m[38;5;249m [0m[38;5;249mU[0m[38;5;249mp[0m[38;5;249ml[0m[38;5;2
49mo[0m[38;5;249ma[0m[38;5;249md[0m[38;5;249m,[0m[38;5;249m [0m[38;5;249mR[0m[38;5;249me[0m[38;5;249mf[0
m[38;5;249mr[0m[38;5;249me[0m[38;5;249ms[0m[38;5;249mh[0m[38;5;249mC[0m[38;5;249mw[0m[38;5;249m,[0m[38;5
;249m [0m[38;5;249mL[0m[38;5;249mo[0m[38;5;249mc[0m[38;5;249mk[0m[38;5;249m,[0m[38;5;249m [0m[38;5;249mU
[0m[38;5;249mn[0m[38;5;249ml[0m[38;5;249mo[0m[38;5;249mc[0m[38;5;249mk[0m[38;5;249m,[0m[38;5;249m [0m[38
;5;249mA[0m[38;5;249ml[0m[38;5;249me[0m[38;5;249mr[0m[38;5;249mt[0m[38;5;249mT[0m[38;5;249mr[0m[38;5;249m
i[0m[38;5;249ma[0m[38;5;249mn[0m[38;5;249mg[0m[38;5;249ml[0m[38;5;249me[0m[38;5;249m,[0m[38;5;249m 
[0m[38;5;249mI[0m[38;5;249mn[0m[38;5;249mf[0m[38;5;249mo[0m[38;5;249m,[0m[38;5;249m [0m[38;5;249mH[0m[3
8;5;249me[0m[38;5;249ml[0m[38;5;249mp[0m[38;5;249mC[0m[38;5;249mi[0m[38;5;249mr[0m[38;5;249mc[0m[38;5;249
ml[0m[38;5;249me[0m[38;5;249m,[0m[38;5;249m [0m[38;5;249mS[0m[38;5;249me[0m[38;5;249ma[0m[38;5;249mr[0m
[38;5;249mc[0m[38;5;249mh[0m[38;5;249m,[0m[38;5;249m [0m[38;5;249mF[0m[38;5;249mi[0m[38;5;249ml[0m[38;5;2
49mt[0m[38;5;249me[0m[38;5;249mr[0m[38;5;249m,[0m[38;5;249m 
[0m[38;5;249mM[0m[38;5;249mo[0m[38;5;249mo[0m[38;5;249mn[0m[38;5;249m,[0m[38;5;249m 
[0m[38;5;249mS[0m[38;5;249mu[0m[38;5;249mn[0m[38;5;249m,[0m[38;5;249m [0m[38;5;249mM[0m[38;5;249mo[0m[3
8;5;249mn[0m[38;5;249mi[0m[38;5;249mt[0m[38;5;249mo[0m[38;5;249mr[0m[38;5;249m2[0m[38;5;249m,[0m[38;5;249
m [0m[38;5;249mS[0m[38;5;249mm[0m[38;5;249ma[0m[38;5;249mr[0m[38;5;249mt[0m[38;5;249mp[0m[38;5;249mh[0m
[38;5;249mo[0m[38;5;249mn[0m[38;5;249me[0m[38;5;249m [0m[38;5;249ma[0m[38;5;249ms[0m[38;5;249m [0m[38;5;2
49mP[0m[38;5;249mh[0m[38;5;249mo[0m[38;5;249mn[0m[38;5;249me[0m[38;5;249mI[0m[38;5;249mc[0m[38;5;249mo[0
m[38;5;249mn[0m[38;5;249m,[0m[38;5;249m [0m[38;5;249mT[0m[38;5;249ma[0m[38;5;249mb[0m[38;5;249ml[0m[38;5
;249me[0m[38;5;249mt[0m[38;5;249m,[0m[38;5;249m [0m[38;5;249mU[0m[38;5;249ms[0m[38;5;249me[0m[38;5;249mr
[0m[38;5;249mP[0m[38;5;249ml[0m[38;5;249mu[0m[38;5;249ms[0m[38;5;249m,[0m[38;5;249m 
[0m[38;5;249mU[0m[38;5;249ms[0m[38;5;249me[0m[38;5;249mr[0m[38;5;249ms[0m[38;5;249m,[0m[38;5;249m [0m[3
8;5;249mF[0m[38;5;249mi[0m[38;5;249ml[0m[38;5;249me[0m[38;5;249mT[0m[38;5;249me[0m[38;5;249mx[0m[38;5;249
mt[0m[38;5;249m,[0m[38;5;249m [0m[38;5;249mS[0m[38;5;249me[0m[38;5;249mt[0m[38;5;249mt[0m[38;5;249mi[0m
[38;5;249mn[0m[38;5;249mg[0m[38;5;249ms[0m[38;5;249m [0m[38;5;249ma[0m[38;5;249ms[0m[38;5;249m [0m[38;5;2
49mS[0m[38;5;249me[0m[38;5;249mt[0m[38;5;249mt[0m[38;5;249mi[0m[38;5;249mn[0m[38;5;249mg[0m[38;5;249ms[0
m[38;5;249mI[0m[38;5;249mc[0m[38;5;249mo[0m[38;5;249mn[0m[38;5;249m,[0m[38;5;249m [0m[38;5;249mC[0m[38;5
;249mr[0m[38;5;249me[0m[38;5;249md[0m[38;5;249mi[0m[38;5;249mt[0m[38;5;249mC[0m[38;5;249ma[0m[38;5;249mr
[0m[38;5;249md[0m[38;5;249m,[0m[38;5;249m [0m[38;5;249mM[0m[38;5;249ma[0m[38;5;249mp[0m[38;5;249mP[0m[38
;5;249mi[0m[38;5;249mn[0m[38;5;249m,[0m[38;5;249m [0m[38;5;249mG[0m[38;5;249ml[0m[38;5;249mo[0m[38;5;249m
b[0m[38;5;249me[0m[38;5;249m2[0m[38;5;249m,[0m[38;5;249m 
[0m[38;5;249mF[0m[38;5;249ml[0m[38;5;249ma[0m[38;5;249mg[0m[38;5;249m,[0m[38;5;249m [0m[38;5;249mL[0m[3
8;5;249ma[0m[38;5;249mn[0m[38;5;249mg[0m[38;5;249mu[0m[38;5;249ma[0m[38;5;249mg[0m[38;5;249me[0m[38;5;249
ms[0m[38;5;249m,[0m[38;5;249m [0m[38;5;249mA[0m[38;5;249mc[0m[38;5;249mc[0m[38;5;249me[0m[38;5;249ms[0m
[38;5;249ms[0m[38;5;249mi[0m[38;5;249mb[0m[38;5;249mi[0m[38;5;249ml[0m[38;5;249mi[0m[38;5;249mt[0m[38;5;2
49my[0m[38;5;249m,[0m[38;5;249m [0m[38;5;249mH[0m[38;5;249me[0m[38;5;249ma[0m[38;5;249md[0m[38;5;249mp[0
m[38;5;249mh[0m[38;5;249mo[0m[38;5;249mn[0m[38;5;249me[0m[38;5;249ms[0m[38;5;249m,[0m[38;5;249m 
[0m[38;5;249mM[0m[38;5;249mi[0m[38;5;249mc[0m[38;5;249m,[0m[38;5;249m [0m[38;5;249mM[0m[38;5;249mi[0m[3
8;5;249mc[0m[38;5;249mO[0m[38;5;249mf[0m[38;5;249mf[0m[38;5;249m,[0m[38;5;249m [0m[38;5;249mC[0m[38;5;249
ma[0m[38;5;249mm[0m[38;5;249me[0m[38;5;249mr[0m[38;5;249ma[0m[38;5;249m,[0m[38;5;249m [0m[38;5;249mC[0m
[38;5;249ma[0m[38;5;249mm[0m[38;5;249me[0m[38;5;249mr[0m[38;5;249ma[0m[38;5;249mO[0m[38;5;249mf[0m[38;5;2
49mf[0m[38;5;249m,[0m[38;5;249m [0m[38;5;249mS[0m[38;5;249mh[0m[38;5;249ma[0m[38;5;249mr[0m[38;5;249me[0
m[38;5;249m2[0m[38;5;249m,[0m[38;5;249m 
[0m[38;5;249mL[0m[38;5;249mi[0m[38;5;249mn[0m[38;5;249mk[0m[38;5;249m2[0m[38;5;249m,[0m[38;5;249m 
[0m[38;5;249mC[0m[38;5;249mo[0m[38;5;249mp[0m[38;5;249my[0m[38;5;249m,[0m[38;5;249m [0m[38;5;249mT[0m[3
8;5;249mr[0m[38;5;249ma[0m[38;5;249ms[0m[38;5;249mh[0m[38;5;249m2[0m[38;5;249m,[0m[38;5;249m [0m[38;5;249
mA[0m[38;5;249mr[0m[38;5;249mc[0m[38;5;249mh[0m[38;5;249mi[0m[38;5;249mv[0m[38;5;249me[0m[38;5;249m,[0m
[38;5;249m [0m[38;5;249mS[0m[38;5;249mt[0m[38;5;249ma[0m[38;5;249mr[0m[38;5;249m,[0m[38;5;249m 
[0m[38;5;249mH[0m[38;5;249me[0m[38;5;249ma[0m[38;5;249mr[0m[38;5;249mt[0m[38;5;249m,[0m[38;5;249m [0m[3
8;5;249mB[0m[38;5;249mo[0m[38;5;249mo[0m[38;5;249mk[0m[38;5;249mm[0m[38;5;249ma[0m[38;5;249mr[0m[38;5;249
mk[0m[38;5;249m,[0m[38;5;249m [0m[38;5;249mA[0m[38;5;249ml[0m[38;5;249me[0m[38;5;249mr[0m[38;5;249mt[0m
[38;5;249mC[0m[38;5;249mi[0m[38;5;249mr[0m[38;5;249mc[0m[38;5;249ml[0m[38;5;249me[0m[38;5;249m,[0m[38;5;2
49m [0m[38;5;249mC[0m[38;5;249mh[0m[38;5;249me[0m[38;5;249mc[0m[38;5;249mk[0m[38;5;249mC[0m[38;5;249mi[0
m[38;5;249mr[0m[38;5;249mc[0m[38;5;249ml[0m[38;5;249me[0m[38;5;249m2[0m[38;5;249m,[0m[38;5;249m [0m[38;5
;249mC[0m[38;5;249mi[0m[38;5;249mr[0m[38;5;249mc[0m[38;5;249ml[0m[38;5;249me[0m[38;5;249m,[0m[38;5;249m 
[0m[38;5;249mR[0m[38;5;249ma[0m[38;5;249md[0m[38;5;249mi[0m[38;5;249mo[0m[38;5;249mI[0m[38;5;249mc[0m[38
;5;249mo[0m[38;5;249mn[0m[38;5;249m,[0m[38;5;249m [0m[38;5;249mC[0m[38;5;249mh[0m[38;5;249me[0m[38;5;249m
v[0m[38;5;249mr[0m[38;5;249mo[0m[38;5;249mn[0m[38;5;249mD[0m[38;5;249mo[0m[38;5;249mw[0m[38;5;249mn[0m[
38;5;249m,[0m[38;5;249m [0m[38;5;249mC[0m[38;5;249mh[0m[38;5;249me[0m[38;5;249mv[0m[38;5;249mr[0m[38;5;24
9mo[0m[38;5;249mn[0m[38;5;249mU[0m[38;5;249mp[0m[38;5;249m,[0m[38;5;249m 
[0m[38;5;249mM[0m[38;5;249me[0m[38;5;249mn[0m[38;5;249mu[0m[38;5;249m,[0m[38;5;249m 
[0m[38;5;249mH[0m[38;5;249mo[0m[38;5;249mm[0m[38;5;249me[0m[38;5;249m,[0m[38;5;249m [0m[38;5;249mL[0m[3
8;5;249ma[0m[38;5;249my[0m[38;5;249mo[0m[38;5;249mu[0m[38;5;249mt[0m[38;5;249m,[0m[38;5;249m 
[0m[38;5;249mG[0m[38;5;249mr[0m[38;5;249mi[0m[38;5;249md[0m[38;5;249m,[0m[38;5;249m 
[0m[38;5;249mL[0m[38;5;249mi[0m[38;5;249ms[0m[38;5;249mt[0m[38;5;249m,[0m[38;5;249m 
[0m[38;5;249mC[0m[38;5;249ma[0m[38;5;249mr[0m[38;5;249md[0m[38;5;249ms[0m[38;5;249m,[0m[38;5;249m 
[0m[38;5;249mE[0m[38;5;249my[0m[38;5;249me[0m[38;5;249m2[0m[38;5;249m,[0m[38;5;249m 
[0mEyeOff2[38;5;249m,[0m[38;5;249m [0m[38;5;249mS[0m[38;5;249mu[0m[38;5;249mn[0m[38;5;249mM[0m[38;5;249mo
[0m[38;5;249mo[0m[38;5;249mn[0m[38;5;249m,[0m[38;5;249m 
[0m[38;5;249mC[0m[38;5;249ml[0m[38;5;249mo[0m[38;5;249mu[0m[38;5;249md[0m[38;5;249m,[0m[38;5;249m [0m[3
8;5;249mC[0m[38;5;249ml[0m[38;5;249mo[0m[38;5;249mu[0m[38;5;249md[0m[38;5;249mR[0m[38;5;249ma[0m[38;5;249
mi[0m[38;5;249mn[0m[38;5;249m,[0m[38;5;249m 
[0m[38;5;249mW[0m[38;5;249mi[0m[38;5;249mn[0m[38;5;249md[0m[38;5;249m,[0m[38;5;249m [0m[38;5;249mT[0m[3
8;5;249mh[0m[38;5;249me[0m[38;5;249mr[0m[38;5;249mm[0m[38;5;249mo[0m[38;5;249mm[0m[38;5;249me[0m[38;5;249
mt[0m[38;5;249me[0m[38;5;249mr[0m[38;5;249m,[0m[38;5;249m 
[0m[38;5;249mG[0m[38;5;249ma[0m[38;5;249mu[0m[38;5;249mg[0m[38;5;249me[0m[38;5;249m,[0m[38;5;249m [0m[3
8;5;249mA[0m[38;5;249mc[0m[38;5;249mt[0m[38;5;249mi[0m[38;5;249mv[0m[38;5;249mi[0m[38;5;249mt[0m[38;5;249
my[0m[38;5;249m,[0m[38;5;249m 
[0m[38;5;249mP[0m[38;5;249mu[0m[38;5;249ml[0m[38;5;249ms[0m[38;5;249me[0m[38;5;249m,[0m[38;5;249m 
[0m[38;5;249mB[0m[38;5;249mr[0m[38;5;249ma[0m[38;5;249mi[0m[38;5;249mn[0m[38;5;249m,[0m[38;5;249m [0m[3
8;5;249mH[0m[38;5;249me[0m[38;5;249ma[0m[38;5;249mr[0m[38;5;249mt[0m[38;5;249mP[0m[38;5;249mu[0m[38;5;249
ml[0m[38;5;249ms[0m[38;5;249me[0m[38;5;249m,[0m[38;5;249m [0m[38;5;249mS[0m[38;5;249mt[0m[38;5;249me[0m
[38;5;249mt[0m[38;5;249mh[0m[38;5;249mo[0m[38;5;249ms[0m[38;5;249mc[0m[38;5;249mo[0m[38;5;249mp[0m[38;5;2
49me[0m[38;5;249m,[0m[38;5;249m [0m[38;5;249mP[0m[38;5;249mi[0m[38;5;249ml[0m[38;5;249ml[0m[38;5;249m 
[0m[38;5;249m}[0m[38;5;249m [0m[38;5;249mf[0m[38;5;249mr[0m[38;5;249mo[0m[38;5;249mm[0m[38;5;249m [0m[3
8;5;249m"[0m[38;5;249ml[0m[38;5;249mu[0m[38;5;249mc[0m[38;5;249mi[0m[38;5;249md[0m[38;5;249me[0m[38;5;249
m-[0m[38;5;249mr[0m[38;5;249me[0m[38;5;249ma[0m[38;5;249mc[0m[38;5;249mt[0m[38;5;249m"[0m[38;5;249m;[0m
 [38;5;240m  Ôöé[0m                                                                                                  
                                                                                                                       
                                                                                                                       
                                                                                                                       
                                                                                                                       
                                                                                                                       
         ÔöÇÔöÇÔöÇÔö¼ÔöÇÔöÇÔöÇ  
 [38;5;240m  Ôöé[0m                                                                                                  
                                                                                                                       
                                                                                                                       
                                                                                                                       
                                                                                                                       
                                                                                                                       
            Ôò░ÔöÇÔöÇÔöÇÔöÇÔöÇ Missing export
[38;5;246mÔöÇÔöÇÔöÇÔò»[0m

[31m[MISSING_EXPORT] Error:[0m "Pulse" is not exported by "node_modules/lucide-react/dist/esm/lucide-react.js".
   [38;5;246mÔò¡[0m[38;5;246mÔöÇ[0m[38;5;246m[[0m src/shared/SettingsModal.jsx:2:774 [38;5;246m][0m
   [38;5;246mÔöé[0m
 [38;5;246m2 Ôöé[0m 
[38;5;249mi[0m[38;5;249mm[0m[38;5;249mp[0m[38;5;249mo[0m[38;5;249mr[0m[38;5;249mt[0m[38;5;249m 
[0m[38;5;249m{[0m[38;5;249m [0m[38;5;249mX[0m[38;5;249m,[0m[38;5;249m 
[0m[38;5;249mU[0m[38;5;249ms[0m[38;5;249me[0m[38;5;249mr[0m[38;5;249m,[0m[38;5;249m [0m[38;5;249mS[0m[3
8;5;249mh[0m[38;5;249mi[0m[38;5;249me[0m[38;5;249ml[0m[38;5;249md[0m[38;5;249m,[0m[38;5;249m 
[0m[38;5;249mG[0m[38;5;249ml[0m[38;5;249mo[0m[38;5;249mb[0m[38;5;249me[0m[38;5;249m,[0m[38;5;249m 
[0m[38;5;249mC[0m[38;5;249mh[0m[38;5;249me[0m[38;5;249mc[0m[38;5;249mk[0m[38;5;249m,[0m[38;5;249m 
[0m[38;5;249mS[0m[38;5;249ma[0m[38;5;249mv[0m[38;5;249me[0m[38;5;249m,[0m[38;5;249m [0m[38;5;249mL[0m[3
8;5;249mo[0m[38;5;249ma[0m[38;5;249md[0m[38;5;249me[0m[38;5;249mr[0m[38;5;249m2[0m[38;5;249m,[0m[38;5;249
m [0m[38;5;249mK[0m[38;5;249me[0m[38;5;249my[0m[38;5;249m,[0m[38;5;249m 
[0m[38;5;249mE[0m[38;5;249my[0m[38;5;249me[0m[38;5;249m,[0m[38;5;249m [0m[38;5;249mE[0m[38;5;249my[0m[3
8;5;249me[0m[38;5;249mO[0m[38;5;249mf[0m[38;5;249mf[0m[38;5;249m,[0m[38;5;249m [0m[38;5;249mS[0m[38;5;249
mm[0m[38;5;249ma[0m[38;5;249mr[0m[38;5;249mt[0m[38;5;249mp[0m[38;5;249mh[0m[38;5;249mo[0m[38;5;249mn[0m
[38;5;249me[0m[38;5;249m,[0m[38;5;249m 
[0m[38;5;249mM[0m[38;5;249ma[0m[38;5;249mi[0m[38;5;249ml[0m[38;5;249m,[0m[38;5;249m [0m[38;5;249mM[0m[3
8;5;249me[0m[38;5;249ms[0m[38;5;249ms[0m[38;5;249ma[0m[38;5;249mg[0m[38;5;249me[0m[38;5;249mS[0m[38;5;249
mq[0m[38;5;249mu[0m[38;5;249ma[0m[38;5;249mr[0m[38;5;249me[0m[38;5;249m,[0m[38;5;249m 
[0m[38;5;249mC[0m[38;5;249ml[0m[38;5;249mo[0m[38;5;249mc[0m[38;5;249mk[0m[38;5;249m,[0m[38;5;249m [0m[3
8;5;249mC[0m[38;5;249ma[0m[38;5;249ml[0m[38;5;249me[0m[38;5;249mn[0m[38;5;249md[0m[38;5;249ma[0m[38;5;249
mr[0m[38;5;249m,[0m[38;5;249m 
[0m[38;5;249mT[0m[38;5;249my[0m[38;5;249mp[0m[38;5;249me[0m[38;5;249m,[0m[38;5;249m 
[0m[38;5;249mZ[0m[38;5;249ma[0m[38;5;249mp[0m[38;5;249m,[0m[38;5;249m [0m[38;5;249mB[0m[38;5;249me[0m[3
8;5;249ml[0m[38;5;249ml[0m[38;5;249mR[0m[38;5;249mi[0m[38;5;249mn[0m[38;5;249mg[0m[38;5;249m,[0m[38;5;249
m [0m[38;5;249mM[0m[38;5;249mo[0m[38;5;249mn[0m[38;5;249mi[0m[38;5;249mt[0m[38;5;249mo[0m[38;5;249mr[0m
[38;5;249m,[0m[38;5;249m [0m[38;5;249mF[0m[38;5;249mi[0m[38;5;249mn[0m[38;5;249mg[0m[38;5;249me[0m[38;5;2
49mr[0m[38;5;249mp[0m[38;5;249mr[0m[38;5;249mi[0m[38;5;249mn[0m[38;5;249mt[0m[38;5;249m,[0m[38;5;249m [0
m[38;5;249mL[0m[38;5;249mo[0m[38;5;249mg[0m[38;5;249mO[0m[38;5;249mu[0m[38;5;249mt[0m[38;5;249m,[0m[38;5
;249m [0m[38;5;249mC[0m[38;5;249mh[0m[38;5;249me[0m[38;5;249mv[0m[38;5;249mr[0m[38;5;249mo[0m[38;5;249mn
[0m[38;5;249mR[0m[38;5;249mi[0m[38;5;249mg[0m[38;5;249mh[0m[38;5;249mt[0m[38;5;249m,[0m[38;5;249m [0m[38
;5;249mP[0m[38;5;249ma[0m[38;5;249ml[0m[38;5;249me[0m[38;5;249mt[0m[38;5;249mt[0m[38;5;249me[0m[38;5;249m
,[0m[38;5;249m [0m[38;5;249mV[0m[38;5;249mo[0m[38;5;249ml[0m[38;5;249mu[0m[38;5;249mm[0m[38;5;249me[0m[
38;5;249m2[0m[38;5;249m,[0m[38;5;249m 
[0m[38;5;249mW[0m[38;5;249mi[0m[38;5;249mf[0m[38;5;249mi[0m[38;5;249m,[0m[38;5;249m [0m[38;5;249mD[0m[3
8;5;249ma[0m[38;5;249mt[0m[38;5;249ma[0m[38;5;249mb[0m[38;5;249ma[0m[38;5;249ms[0m[38;5;249me[0m[38;5;249
m,[0m[38;5;249m [0m[38;5;249mD[0m[38;5;249mo[0m[38;5;249mw[0m[38;5;249mn[0m[38;5;249ml[0m[38;5;249mo[0m
[38;5;249ma[0m[38;5;249md[0m[38;5;249m,[0m[38;5;249m [0m[38;5;249mU[0m[38;5;249mp[0m[38;5;249ml[0m[38;5;2
49mo[0m[38;5;249ma[0m[38;5;249md[0m[38;5;249m,[0m[38;5;249m [0m[38;5;249mR[0m[38;5;249me[0m[38;5;249mf[0
m[38;5;249mr[0m[38;5;249me[0m[38;5;249ms[0m[38;5;249mh[0m[38;5;249mC[0m[38;5;249mw[0m[38;5;249m,[0m[38;5
;249m [0m[38;5;249mL[0m[38;5;249mo[0m[38;5;249mc[0m[38;5;249mk[0m[38;5;249m,[0m[38;5;249m [0m[38;5;249mU
[0m[38;5;249mn[0m[38;5;249ml[0m[38;5;249mo[0m[38;5;249mc[0m[38;5;249mk[0m[38;5;249m,[0m[38;5;249m [0m[38
;5;249mA[0m[38;5;249ml[0m[38;5;249me[0m[38;5;249mr[0m[38;5;249mt[0m[38;5;249mT[0m[38;5;249mr[0m[38;5;249m
i[0m[38;5;249ma[0m[38;5;249mn[0m[38;5;249mg[0m[38;5;249ml[0m[38;5;249me[0m[38;5;249m,[0m[38;5;249m 
[0m[38;5;249mI[0m[38;5;249mn[0m[38;5;249mf[0m[38;5;249mo[0m[38;5;249m,[0m[38;5;249m [0m[38;5;249mH[0m[3
8;5;249me[0m[38;5;249ml[0m[38;5;249mp[0m[38;5;249mC[0m[38;5;249mi[0m[38;5;249mr[0m[38;5;249mc[0m[38;5;249
ml[0m[38;5;249me[0m[38;5;249m,[0m[38;5;249m [0m[38;5;249mS[0m[38;5;249me[0m[38;5;249ma[0m[38;5;249mr[0m
[38;5;249mc[0m[38;5;249mh[0m[38;5;249m,[0m[38;5;249m [0m[38;5;249mF[0m[38;5;249mi[0m[38;5;249ml[0m[38;5;2
49mt[0m[38;5;249me[0m[38;5;249mr[0m[38;5;249m,[0m[38;5;249m 
[0m[38;5;249mM[0m[38;5;249mo[0m[38;5;249mo[0m[38;5;249mn[0m[38;5;249m,[0m[38;5;249m 
[0m[38;5;249mS[0m[38;5;249mu[0m[38;5;249mn[0m[38;5;249m,[0m[38;5;249m [0m[38;5;249mM[0m[38;5;249mo[0m[3
8;5;249mn[0m[38;5;249mi[0m[38;5;249mt[0m[38;5;249mo[0m[38;5;249mr[0m[38;5;249m2[0m[38;5;249m,[0m[38;5;249
m [0m[38;5;249mS[0m[38;5;249mm[0m[38;5;249ma[0m[38;5;249mr[0m[38;5;249mt[0m[38;5;249mp[0m[38;5;249mh[0m
[38;5;249mo[0m[38;5;249mn[0m[38;5;249me[0m[38;5;249m [0m[38;5;249ma[0m[38;5;249ms[0m[38;5;249m [0m[38;5;2
49mP[0m[38;5;249mh[0m[38;5;249mo[0m[38;5;249mn[0m[38;5;249me[0m[38;5;249mI[0m[38;5;249mc[0m[38;5;249mo[0
m[38;5;249mn[0m[38;5;249m,[0m[38;5;249m [0m[38;5;249mT[0m[38;5;249ma[0m[38;5;249mb[0m[38;5;249ml[0m[38;5
;249me[0m[38;5;249mt[0m[38;5;249m,[0m[38;5;249m [0m[38;5;249mU[0m[38;5;249ms[0m[38;5;249me[0m[38;5;249mr
[0m[38;5;249mP[0m[38;5;249ml[0m[38;5;249mu[0m[38;5;249ms[0m[38;5;249m,[0m[38;5;249m 
[0m[38;5;249mU[0m[38;5;249ms[0m[38;5;249me[0m[38;5;249mr[0m[38;5;249ms[0m[38;5;249m,[0m[38;5;249m [0m[3
8;5;249mF[0m[38;5;249mi[0m[38;5;249ml[0m[38;5;249me[0m[38;5;249mT[0m[38;5;249me[0m[38;5;249mx[0m[38;5;249
mt[0m[38;5;249m,[0m[38;5;249m [0m[38;5;249mS[0m[38;5;249me[0m[38;5;249mt[0m[38;5;249mt[0m[38;5;249mi[0m
[38;5;249mn[0m[38;5;249mg[0m[38;5;249ms[0m[38;5;249m [0m[38;5;249ma[0m[38;5;249ms[0m[38;5;249m [0m[38;5;2
49mS[0m[38;5;249me[0m[38;5;249mt[0m[38;5;249mt[0m[38;5;249mi[0m[38;5;249mn[0m[38;5;249mg[0m[38;5;249ms[0
m[38;5;249mI[0m[38;5;249mc[0m[38;5;249mo[0m[38;5;249mn[0m[38;5;249m,[0m[38;5;249m [0m[38;5;249mC[0m[38;5
;249mr[0m[38;5;249me[0m[38;5;249md[0m[38;5;249mi[0m[38;5;249mt[0m[38;5;249mC[0m[38;5;249ma[0m[38;5;249mr
[0m[38;5;249md[0m[38;5;249m,[0m[38;5;249m [0m[38;5;249mM[0m[38;5;249ma[0m[38;5;249mp[0m[38;5;249mP[0m[38
;5;249mi[0m[38;5;249mn[0m[38;5;249m,[0m[38;5;249m [0m[38;5;249mG[0m[38;5;249ml[0m[38;5;249mo[0m[38;5;249m
b[0m[38;5;249me[0m[38;5;249m2[0m[38;5;249m,[0m[38;5;249m 
[0m[38;5;249mF[0m[38;5;249ml[0m[38;5;249ma[0m[38;5;249mg[0m[38;5;249m,[0m[38;5;249m [0m[38;5;249mL[0m[3
8;5;249ma[0m[38;5;249mn[0m[38;5;249mg[0m[38;5;249mu[0m[38;5;249ma[0m[38;5;249mg[0m[38;5;249me[0m[38;5;249
ms[0m[38;5;249m,[0m[38;5;249m [0m[38;5;249mA[0m[38;5;249mc[0m[38;5;249mc[0m[38;5;249me[0m[38;5;249ms[0m
[38;5;249ms[0m[38;5;249mi[0m[38;5;249mb[0m[38;5;249mi[0m[38;5;249ml[0m[38;5;249mi[0m[38;5;249mt[0m[38;5;2
49my[0m[38;5;249m,[0m[38;5;249m [0m[38;5;249mH[0m[38;5;249me[0m[38;5;249ma[0m[38;5;249md[0m[38;5;249mp[0
m[38;5;249mh[0m[38;5;249mo[0m[38;5;249mn[0m[38;5;249me[0m[38;5;249ms[0m[38;5;249m,[0m[38;5;249m 
[0m[38;5;249mM[0m[38;5;249mi[0m[38;5;249mc[0m[38;5;249m,[0m[38;5;249m [0m[38;5;249mM[0m[38;5;249mi[0m[3
8;5;249mc[0m[38;5;249mO[0m[38;5;249mf[0m[38;5;249mf[0m[38;5;249m,[0m[38;5;249m [0m[38;5;249mC[0m[38;5;249
ma[0m[38;5;249mm[0m[38;5;249me[0m[38;5;249mr[0m[38;5;249ma[0m[38;5;249m,[0m[38;5;249m [0m[38;5;249mC[0m
[38;5;249ma[0m[38;5;249mm[0m[38;5;249me[0m[38;5;249mr[0m[38;5;249ma[0m[38;5;249mO[0m[38;5;249mf[0m[38;5;2
49mf[0m[38;5;249m,[0m[38;5;249m [0m[38;5;249mS[0m[38;5;249mh[0m[38;5;249ma[0m[38;5;249mr[0m[38;5;249me[0
m[38;5;249m2[0m[38;5;249m,[0m[38;5;249m 
[0m[38;5;249mL[0m[38;5;249mi[0m[38;5;249mn[0m[38;5;249mk[0m[38;5;249m2[0m[38;5;249m,[0m[38;5;249m 
[0m[38;5;249mC[0m[38;5;249mo[0m[38;5;249mp[0m[38;5;249my[0m[38;5;249m,[0m[38;5;249m [0m[38;5;249mT[0m[3
8;5;249mr[0m[38;5;249ma[0m[38;5;249ms[0m[38;5;249mh[0m[38;5;249m2[0m[38;5;249m,[0m[38;5;249m [0m[38;5;249
mA[0m[38;5;249mr[0m[38;5;249mc[0m[38;5;249mh[0m[38;5;249mi[0m[38;5;249mv[0m[38;5;249me[0m[38;5;249m,[0m
[38;5;249m [0m[38;5;249mS[0m[38;5;249mt[0m[38;5;249ma[0m[38;5;249mr[0m[38;5;249m,[0m[38;5;249m 
[0m[38;5;249mH[0m[38;5;249me[0m[38;5;249ma[0m[38;5;249mr[0m[38;5;249mt[0m[38;5;249m,[0m[38;5;249m [0m[3
8;5;249mB[0m[38;5;249mo[0m[38;5;249mo[0m[38;5;249mk[0m[38;5;249mm[0m[38;5;249ma[0m[38;5;249mr[0m[38;5;249
mk[0m[38;5;249m,[0m[38;5;249m [0m[38;5;249mA[0m[38;5;249ml[0m[38;5;249me[0m[38;5;249mr[0m[38;5;249mt[0m
[38;5;249mC[0m[38;5;249mi[0m[38;5;249mr[0m[38;5;249mc[0m[38;5;249ml[0m[38;5;249me[0m[38;5;249m,[0m[38;5;2
49m [0m[38;5;249mC[0m[38;5;249mh[0m[38;5;249me[0m[38;5;249mc[0m[38;5;249mk[0m[38;5;249mC[0m[38;5;249mi[0
m[38;5;249mr[0m[38;5;249mc[0m[38;5;249ml[0m[38;5;249me[0m[38;5;249m2[0m[38;5;249m,[0m[38;5;249m [0m[38;5
;249mC[0m[38;5;249mi[0m[38;5;249mr[0m[38;5;249mc[0m[38;5;249ml[0m[38;5;249me[0m[38;5;249m,[0m[38;5;249m 
[0m[38;5;249mR[0m[38;5;249ma[0m[38;5;249md[0m[38;5;249mi[0m[38;5;249mo[0m[38;5;249mI[0m[38;5;249mc[0m[38
;5;249mo[0m[38;5;249mn[0m[38;5;249m,[0m[38;5;249m [0m[38;5;249mC[0m[38;5;249mh[0m[38;5;249me[0m[38;5;249m
v[0m[38;5;249mr[0m[38;5;249mo[0m[38;5;249mn[0m[38;5;249mD[0m[38;5;249mo[0m[38;5;249mw[0m[38;5;249mn[0m[
38;5;249m,[0m[38;5;249m [0m[38;5;249mC[0m[38;5;249mh[0m[38;5;249me[0m[38;5;249mv[0m[38;5;249mr[0m[38;5;24
9mo[0m[38;5;249mn[0m[38;5;249mU[0m[38;5;249mp[0m[38;5;249m,[0m[38;5;249m 
[0m[38;5;249mM[0m[38;5;249me[0m[38;5;249mn[0m[38;5;249mu[0m[38;5;249m,[0m[38;5;249m 
[0m[38;5;249mH[0m[38;5;249mo[0m[38;5;249mm[0m[38;5;249me[0m[38;5;249m,[0m[38;5;249m [0m[38;5;249mL[0m[3
8;5;249ma[0m[38;5;249my[0m[38;5;249mo[0m[38;5;249mu[0m[38;5;249mt[0m[38;5;249m,[0m[38;5;249m 
[0m[38;5;249mG[0m[38;5;249mr[0m[38;5;249mi[0m[38;5;249md[0m[38;5;249m,[0m[38;5;249m 
[0m[38;5;249mL[0m[38;5;249mi[0m[38;5;249ms[0m[38;5;249mt[0m[38;5;249m,[0m[38;5;249m 
[0m[38;5;249mC[0m[38;5;249ma[0m[38;5;249mr[0m[38;5;249md[0m[38;5;249ms[0m[38;5;249m,[0m[38;5;249m 
[0m[38;5;249mE[0m[38;5;249my[0m[38;5;249me[0m[38;5;249m2[0m[38;5;249m,[0m[38;5;249m [0m[38;5;249mE[0m[3
8;5;249my[0m[38;5;249me[0m[38;5;249mO[0m[38;5;249mf[0m[38;5;249mf[0m[38;5;249m2[0m[38;5;249m,[0m[38;5;249
m [0m[38;5;249mS[0m[38;5;249mu[0m[38;5;249mn[0m[38;5;249mM[0m[38;5;249mo[0m[38;5;249mo[0m[38;5;249mn[0m
[38;5;249m,[0m[38;5;249m 
[0m[38;5;249mC[0m[38;5;249ml[0m[38;5;249mo[0m[38;5;249mu[0m[38;5;249md[0m[38;5;249m,[0m[38;5;249m [0m[3
8;5;249mC[0m[38;5;249ml[0m[38;5;249mo[0m[38;5;249mu[0m[38;5;249md[0m[38;5;249mR[0m[38;5;249ma[0m[38;5;249
mi[0m[38;5;249mn[0m[38;5;249m,[0m[38;5;249m 
[0m[38;5;249mW[0m[38;5;249mi[0m[38;5;249mn[0m[38;5;249md[0m[38;5;249m,[0m[38;5;249m [0m[38;5;249mT[0m[3
8;5;249mh[0m[38;5;249me[0m[38;5;249mr[0m[38;5;249mm[0m[38;5;249mo[0m[38;5;249mm[0m[38;5;249me[0m[38;5;249
mt[0m[38;5;249me[0m[38;5;249mr[0m[38;5;249m,[0m[38;5;249m 
[0m[38;5;249mG[0m[38;5;249ma[0m[38;5;249mu[0m[38;5;249mg[0m[38;5;249me[0m[38;5;249m,[0m[38;5;249m [0m[3
8;5;249mA[0m[38;5;249mc[0m[38;5;249mt[0m[38;5;249mi[0m[38;5;249mv[0m[38;5;249mi[0m[38;5;249mt[0m[38;5;249
my[0m[38;5;249m,[0m[38;5;249m [0mPulse[38;5;249m,[0m[38;5;249m 
[0m[38;5;249mB[0m[38;5;249mr[0m[38;5;249ma[0m[38;5;249mi[0m[38;5;249mn[0m[38;5;249m,[0m[38;5;249m [0m[3
8;5;249mH[0m[38;5;249me[0m[38;5;249ma[0m[38;5;249mr[0m[38;5;249mt[0m[38;5;249mP[0m[38;5;249mu[0m[38;5;249
ml[0m[38;5;249ms[0m[38;5;249me[0m[38;5;249m,[0m[38;5;249m [0m[38;5;249mS[0m[38;5;249mt[0m[38;5;249me[0m
[38;5;249mt[0m[38;5;249mh[0m[38;5;249mo[0m[38;5;249ms[0m[38;5;249mc[0m[38;5;249mo[0m[38;5;249mp[0m[38;5;2
49me[0m[38;5;249m,[0m[38;5;249m [0m[38;5;249mP[0m[38;5;249mi[0m[38;5;249ml[0m[38;5;249ml[0m[38;5;249m 
[0m[38;5;249m}[0m[38;5;249m [0m[38;5;249mf[0m[38;5;249mr[0m[38;5;249mo[0m[38;5;249mm[0m[38;5;249m [0m[3
8;5;249m"[0m[38;5;249ml[0m[38;5;249mu[0m[38;5;249mc[0m[38;5;249mi[0m[38;5;249md[0m[38;5;249me[0m[38;5;249
m-[0m[38;5;249mr[0m[38;5;249me[0m[38;5;249ma[0m[38;5;249mc[0m[38;5;249mt[0m[38;5;249m"[0m[38;5;249m;[0m
 [38;5;240m  Ôöé[0m                                                                                                  
                                                                                                                       
                                                                                                                       
                                                                                                                       
                                                                                                                       
                                                                                                                       
                                                                                 ÔöÇÔöÇÔö¼ÔöÇÔöÇ  
 [38;5;240m  Ôöé[0m                                                                                                  
                                                                                                                       
                                                                                                                       
                                                                                                                       
                                                                                                                       
                                                                                                                       
                                                                                   Ôò░ÔöÇÔöÇÔöÇÔöÇ Missing export
[38;5;246mÔöÇÔöÇÔöÇÔò»[0m
[31m
    at aggregateBindingErrorsIntoJsError (file:///C:/Users/minya/OneDrive/Bureau/Slouma%20web%20app/client/node_modules
/rolldown/dist/shared/error-CP8smW_P.mjs:48:18)
    at unwrapBindingResult (file:///C:/Users/minya/OneDrive/Bureau/Slouma%20web%20app/client/node_modules/rolldown/dist
/shared/error-CP8smW_P.mjs:18:128)
    at #build (file:///C:/Users/minya/OneDrive/Bureau/Slouma%20web%20app/client/node_modules/rolldown/dist/shared/rolld
own-build-4YnQkA76.mjs:3311:34)
    at async buildEnvironment 
(file:///C:/Users/minya/OneDrive/Bureau/Slouma%20web%20app/client/node_modules/vite/dist/node/chunks/node.js:32794:64)
    at async Object.build 
(file:///C:/Users/minya/OneDrive/Bureau/Slouma%20web%20app/client/node_modules/vite/dist/node/chunks/node.js:33216:19)
    at async Object.buildApp 
(file:///C:/Users/minya/OneDrive/Bureau/Slouma%20web%20app/client/node_modules/vite/dist/node/chunks/node.js:33213:153)
    at async CAC.<anonymous> 
(file:///C:/Users/minya/OneDrive/Bureau/Slouma%20web%20app/client/node_modules/vite/dist/node/cli.js:778:3) {
  errors: [Getter/Setter]
}[39m
